[debug] [2025-12-02T00:13:00.630Z] ----------------------------------------------------------------------
[debug] [2025-12-02T00:13:00.632Z] Command:       D:\node.js\node.exe C:\Users\boybo\AppData\Roaming\npm\node_modules\firebase-tools\lib\bin\firebase.js init hosting
[debug] [2025-12-02T00:13:00.633Z] CLI Version:   14.26.0
[debug] [2025-12-02T00:13:00.633Z] Platform:      win32
[debug] [2025-12-02T00:13:00.633Z] Node Version:  v24.11.1
[debug] [2025-12-02T00:13:00.633Z] Time:          Tue Dec 02 2025 08:13:00 GMT+0800 (Philippine Standard Time)
[debug] [2025-12-02T00:13:00.633Z] ----------------------------------------------------------------------
[debug] 
[info] 
     ######## #### ########  ######## ########     ###     ######  ########
     ##        ##  ##     ## ##       ##     ##  ##   ##  ##       ##
     ######    ##  ########  ######   ########  #########  ######  ######
     ##        ##  ##    ##  ##       ##     ## ##     ##       ## ##
     ##       #### ##     ## ######## ########  ##     ##  ######  ########

You're about to initialize a Firebase project in this directory:

  C:\Users\boybo\Crash-Tracker-main\Crash-Tracker-main

Before we get started, keep in mind:

  * You are initializing within an existing Firebase project directory

[info] 
=== Project Setup
[info] 
[info] First, let's associate this project directory with a Firebase project.
[info] You can create multiple project aliases by running firebase use --add, 
[info] 
[debug] [2025-12-02T00:13:14.085Z] > command requires scopes: ["email","openid","https://www.googleapis.com/auth/cloudplatformprojects.readonly","https://www.googleapis.com/auth/firebase","https://www.googleapis.com/auth/cloud-platform"]
[debug] [2025-12-02T00:13:14.085Z] > authorizing via signed-in user (coolclayde05@gmail.com)
[debug] [2025-12-02T00:13:14.086Z] Checked if tokens are valid: true, expires at: 1764637208754
[debug] [2025-12-02T00:13:14.086Z] Checked if tokens are valid: true, expires at: 1764637208754
[debug] [2025-12-02T00:13:14.087Z] >>> [apiv2][query] GET https://firebase.googleapis.com/v1beta1/projects/crash-tracker-system101 [none]
[debug] [2025-12-02T00:13:14.532Z] <<< [apiv2][status] GET https://firebase.googleapis.com/v1beta1/projects/crash-tracker-system101 200
[debug] [2025-12-02T00:13:14.533Z] <<< [apiv2][body] GET https://firebase.googleapis.com/v1beta1/projects/crash-tracker-system101 {"projectId":"crash-tracker-system101","projectNumber":"59386956202","displayName":"crash-traking-system","name":"projects/crash-tracker-system101","resources":{"hostingSite":"crash-tracker-system101"},"state":"ACTIVE","etag":"1_b921591a-0c47-4e67-999d-59ca60e7c44a"}
[info] i  Using project crash-tracker-system101 (crash-traking-system) . 
[info] 
=== Hosting Setup
[debug] [2025-12-02T00:13:14.540Z] Checked if tokens are valid: true, expires at: 1764637208754
[debug] [2025-12-02T00:13:14.540Z] Checked if tokens are valid: true, expires at: 1764637208754
[debug] [2025-12-02T00:13:14.540Z] >>> [apiv2][query] GET https://firebase.googleapis.com/v1beta1/projects/crash-tracker-system101 [none]
[debug] [2025-12-02T00:13:14.858Z] <<< [apiv2][status] GET https://firebase.googleapis.com/v1beta1/projects/crash-tracker-system101 200
[debug] [2025-12-02T00:13:14.858Z] <<< [apiv2][body] GET https://firebase.googleapis.com/v1beta1/projects/crash-tracker-system101 {"projectId":"crash-tracker-system101","projectNumber":"59386956202","displayName":"crash-traking-system","name":"projects/crash-tracker-system101","resources":{"hostingSite":"crash-tracker-system101"},"state":"ACTIVE","etag":"1_b921591a-0c47-4e67-999d-59ca60e7c44a"}
[info] 
[info] Your public directory is the folder (relative to your project directory) that
[info] will contain Hosting assets to be uploaded with firebase deploy. If you
[info] have a build process for your assets, use your build's output directory.
[info] 
[info] 
[info] i  Didn't detect a .git folder. Assuming C:\Users\boybo\Crash-Tracker-main\Crash-Tracker-main is the project root. 
[info] i  Authorizing with GitHub to upload your service account to a GitHub repository's secrets store. 
[info] 
[info] Visit this URL on this device to log in:
[info] https://github.com/login/oauth/authorize?client_id=89cf50f02ac6aaed3484&state=643684803&redirect_uri=http%3A%2F%2Flocalhost%3A9005&scope=read%3Auser%20repo%20public_repo
[info] 
[info] Waiting for authentication...
[debug] [2025-12-02T00:14:29.058Z] >>> [apiv2][query] POST https://github.com/login/oauth/access_token [none]
[debug] [2025-12-02T00:14:29.058Z] >>> [apiv2][body] POST https://github.com/login/oauth/access_token [stream]
[debug] [2025-12-02T00:14:29.750Z] <<< [apiv2][status] POST https://github.com/login/oauth/access_token 200
[debug] [2025-12-02T00:14:29.750Z] <<< [apiv2][body] POST https://github.com/login/oauth/access_token {"access_token":"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","token_type":"bearer","scope":"read:user,repo"}
[debug] [2025-12-02T00:14:29.753Z] >>> [apiv2][query] GET https://api.github.com/user [none]
[debug] [2025-12-02T00:14:30.790Z] <<< [apiv2][status] GET https://api.github.com/user 200
[debug] [2025-12-02T00:14:30.790Z] <<< [apiv2][body] GET https://api.github.com/user {"login":"coolclaydee05","id":187839558,"node_id":"U_kgDOCzI0Rg","avatar_url":"https://avatars.githubusercontent.com/u/187839558?v=4","gravatar_id":"","url":"https://api.github.com/users/coolclaydee05","html_url":"https://github.com/coolclaydee05","followers_url":"https://api.github.com/users/coolclaydee05/followers","following_url":"https://api.github.com/users/coolclaydee05/following{/other_user}","gists_url":"https://api.github.com/users/coolclaydee05/gists{/gist_id}","starred_url":"https://api.github.com/users/coolclaydee05/starred{/owner}{/repo}","subscriptions_url":"https://api.github.com/users/coolclaydee05/subscriptions","organizations_url":"https://api.github.com/users/coolclaydee05/orgs","repos_url":"https://api.github.com/users/coolclaydee05/repos","events_url":"https://api.github.com/users/coolclaydee05/events{/privacy}","received_events_url":"https://api.github.com/users/coolclaydee05/received_events","type":"User","user_view_type":"private","site_admin":false,"name":null,"company":null,"blog":"","location":null,"email":null,"hireable":null,"bio":null,"twitter_username":null,"notification_email":null,"public_repos":3,"public_gists":0,"followers":0,"following":0,"created_at":"2024-11-09T06:13:10Z","updated_at":"2025-11-18T03:26:07Z","private_gists":0,"total_private_repos":0,"owned_private_repos":0,"disk_usage":127689,"collaborators":0,"two_factor_authentication":false,"plan":{"name":"free","space":976562499,"collaborators":0,"private_repos":10000}}
[info] 
[info] +  Success! Logged into GitHub as coolclaydee05 
[info] 
